ASxxxx Linker V03.00 + NoICE + sdld,  page 1.
Hexadecimal  [32-Bits]

Area                                    Addr        Size        Decimal Bytes (Attributes)
--------------------------------        ----        ----        ------- ----- ------------
CABS                                00000000    00000000 =           0. bytes (ABS,CON,CODE)

      Value  Global                              Global Defined In Module
      -----  --------------------------------   ------------------------
C:   00000000  l_BIT_BANK                      
C:   00000000  l_BSEG                          
C:   00000000  l_BSEG_BYTES                    
C:   00000000  l_CABS                          
C:   00000000  l_CONST                         
C:   00000000  l_GSINIT1                       
C:   00000000  l_GSINIT5                       
C:   00000000  l_IABS                          
C:   00000000  l_ISEG                          
C:   00000000  l_PSEG                          
C:   00000000  l_REG_BANK_1                    
C:   00000000  l_REG_BANK_2                    
C:   00000000  l_REG_BANK_3                    
C:   00000000  l_RSEG                          
C:   00000000  l_RSEG0                         
C:   00000000  l_RSEG1                         
C:   00000000  l_XABS                          
C:   00000000  l_XINIT                         
C:   00000000  l_XISEG                         
C:   00000000  l_XSEG                          
C:   00000000  l__CODE                         
C:   00000000  s_BSEG                          
C:   00000000  s_CABS                          
C:   00000000  s_DSEG                          
C:   00000000  s_HOME                          
C:   00000000  s_IABS                          
C:   00000000  s_ISEG                          
C:   00000000  s_REG_BANK_0                    
C:   00000000  s_RSEG                          
C:   00000000  s_RSEG0                         
C:   00000000  s_RSEG1                         
C:   00000000  s_XABS                          
C:   00000001  s_PSEG                          
C:   00000001  s_XISEG                         
C:   00000001  s_XSEG                          
C:   00000002  l_OSEG                          
C:   00000003  l_GSFINAL                       
C:   00000003  l_GSINIT0                       
C:   00000006  l_HOME                          
C:   00000006  s_GSINIT0                       
C:   00000008  l_REG_BANK_0                    
C:   00000008  s_REG_BANK_1                    
C:   00000009  s_GSINIT1                       
C:   00000009  s_GSINIT2                       
C:   0000000A  l_GSINIT2                       
C:   00000010  s_REG_BANK_2                    
C:   00000013  s_GSINIT3                       
C:   00000018  s_BIT_BANK                      
C:   00000018  s_REG_BANK_3                    
C:   00000020  s_BSEG_BYTES                    
ASxxxx Linker V03.00 + NoICE + sdld,  page 2.
Hexadecimal  [32-Bits]

Area                                    Addr        Size        Decimal Bytes (Attributes)
--------------------------------        ----        ----        ------- ----- ------------
CABS                                00000000    00000000 =           0. bytes (ABS,CON,CODE)

      Value  Global                              Global Defined In Module
      -----  --------------------------------   ------------------------
C:   00000020  s__CODE                         
C:   00000022  l_GSINIT3                       
C:   00000022  s_OSEG                          
C:   00000024  s_SSEG                          
C:   0000002A  l_GSINIT4                       
C:   00000035  s_GSINIT4                       
C:   0000004B  l_GSINIT                        
C:   0000005F  s_GSINIT                        
C:   0000005F  s_GSINIT5                       
C:   00000080  l_DSEG                          
C:   000000AA  s_GSFINAL                       
C:   000000AD  s_CSEG                          
C:   000000DC  l_SSEG                          
C:   00000100  l_IRAM                          
C:   0000049A  l_CSEG                          
C:   00000547  s_CONST                         
C:   00000547  s_XINIT                         

ASxxxx Linker V03.00 + NoICE + sdld,  page 3.
Hexadecimal  [32-Bits]

Area                                    Addr        Size        Decimal Bytes (Attributes)
--------------------------------        ----        ----        ------- ----- ------------
.  .ABS.                            00000000    00000000 =           0. bytes (ABS,CON)

      Value  Global                              Global Defined In Module
      -----  --------------------------------   ------------------------
     00000000  .__.ABS.                           _startup
     00000080  _P0                                iic
     00000080  _P0_0                              iic
     00000081  _P0_1                              iic
     00000081  _SP                                iic
     00000082  _DPL                               iic
     00000082  _P0_2                              iic
     00000083  _DPH                               iic
     00000083  _P0_3                              iic
     00000084  _P0_4                              iic
     00000085  _P0_5                              iic
     00000086  _P0_6                              iic
     00000087  _P0_7                              iic
     00000087  _PCON                              iic
     00000088  _IT0                               iic
     00000088  _TCON                              iic
     00000089  _IE0                               iic
     00000089  _TMOD                              iic
     0000008A  _IT1                               iic
     0000008A  _TL0                               iic
     0000008B  _IE1                               iic
     0000008B  _TL1                               iic
     0000008C  _TH0                               iic
     0000008C  _TR0                               iic
     0000008D  _TF0                               iic
     0000008D  _TH1                               iic
     0000008E  _TR1                               iic
     0000008F  _TF1                               iic
     00000090  _P1                                iic
     00000090  _P1_0                              iic
     00000091  _P1_1                              iic
     00000092  _P1_2                              iic
     00000093  _P1_3                              iic
     00000094  _P1_4                              iic
     00000095  _P1_5                              iic
     00000096  _P1_6                              iic
     00000097  _P1_7                              iic
     00000098  _RI                                iic
     00000098  _SCON                              iic
     00000099  _SBUF                              iic
     00000099  _TI                                iic
     0000009A  _RB8                               iic
     0000009B  _TB8                               iic
     0000009C  _REN                               iic
     0000009D  _SM2                               iic
     0000009E  _SM1                               iic
     0000009F  _SM0                               iic
     000000A0  _P2                                iic
     000000A0  _P2_0                              iic
     000000A0  __XPAGE                            
ASxxxx Linker V03.00 + NoICE + sdld,  page 4.
Hexadecimal  [32-Bits]

Area                                    Addr        Size        Decimal Bytes (Attributes)
--------------------------------        ----        ----        ------- ----- ------------
.  .ABS.                            00000000    00000000 =           0. bytes (ABS,CON)

      Value  Global                              Global Defined In Module
      -----  --------------------------------   ------------------------
     000000A1  _P2_1                              iic
     000000A2  _P2_2                              iic
     000000A3  _P2_3                              iic
     000000A4  _P2_4                              iic
     000000A5  _P2_5                              iic
     000000A6  _P2_6                              iic
     000000A7  _P2_7                              iic
     000000A8  _EX0                               iic
     000000A8  _IE                                iic
     000000A9  _ET0                               iic
     000000AA  _EX1                               iic
     000000AB  _ET1                               iic
     000000AC  _ES                                iic
     000000AF  _EA                                iic
     000000B0  _P3                                iic
     000000B0  _P3_0                              iic
     000000B0  _RXD                               iic
     000000B1  _P3_1                              iic
     000000B1  _TXD                               iic
     000000B2  _INT0                              iic
     000000B2  _P3_2                              iic
     000000B3  _INT1                              iic
     000000B3  _P3_3                              iic
     000000B4  _P3_4                              iic
     000000B4  _T0                                iic
     000000B5  _P3_5                              iic
     000000B5  _T1                                iic
     000000B6  _P3_6                              iic
     000000B6  _WR                                iic
     000000B7  _P3_7                              iic
     000000B7  _RD                                iic
     000000B8  _IP                                iic
     000000B8  _PX0                               iic
     000000B9  _PT0                               iic
     000000BA  _PX1                               iic
     000000BB  _PT1                               iic
     000000BC  _PS                                iic
     000000D0  _P                                 iic
     000000D0  _PSW                               iic
     000000D1  _F1                                iic
     000000D2  _OV                                iic
     000000D3  _RS0                               iic
     000000D4  _RS1                               iic
     000000D5  _F0                                iic
     000000D6  _AC                                iic
     000000D7  _CY                                iic
     000000E0  _ACC                               iic
     000000F0  _B                                 iic

ASxxxx Linker V03.00 + NoICE + sdld,  page 5.
Hexadecimal  [32-Bits]

Area                                    Addr        Size        Decimal Bytes (Attributes)
--------------------------------        ----        ----        ------- ----- ------------
REG_BANK_0                          00000000    00000008 =           8. bytes (REL,OVR)

      Value  Global                              Global Defined In Module
      -----  --------------------------------   ------------------------
ASxxxx Linker V03.00 + NoICE + sdld,  page 6.
Hexadecimal  [32-Bits]

Area                                    Addr        Size        Decimal Bytes (Attributes)
--------------------------------        ----        ----        ------- ----- ------------
DSEG                                00000000    00000080 =         128. bytes (REL,CON)

      Value  Global                              Global Defined In Module
      -----  --------------------------------   ------------------------
     00000008  _smgduan                           main
     00000018  _Display                           main
     00000020  _num                               main
     00000021  _At24c02Write_PARM_2               iic

ASxxxx Linker V03.00 + NoICE + sdld,  page 7.
Hexadecimal  [32-Bits]

Area                                    Addr        Size        Decimal Bytes (Attributes)
--------------------------------        ----        ----        ------- ----- ------------
OSEG                                00000022    00000002 =           2. bytes (REL,OVR)

      Value  Global                              Global Defined In Module
      -----  --------------------------------   ------------------------
     00000022  __divsint_PARM_2                   _divuint
     00000022  __divuint_PARM_2                   _divuint
     00000022  __modsint_PARM_2                   _moduint
     00000022  __moduint_PARM_2                   _moduint

ASxxxx Linker V03.00 + NoICE + sdld,  page 8.
Hexadecimal  [32-Bits]

Area                                    Addr        Size        Decimal Bytes (Attributes)
--------------------------------        ----        ----        ------- ----- ------------
SSEG                                00000024    000000DC =         220. bytes (REL,OVR)

      Value  Global                              Global Defined In Module
      -----  --------------------------------   ------------------------
     00000024  __start__stack                     main

ASxxxx Linker V03.00 + NoICE + sdld,  page 9.
Hexadecimal  [32-Bits]

Area                                    Addr        Size        Decimal Bytes (Attributes)
--------------------------------        ----        ----        ------- ----- ------------
HOME                                00000000    00000006 =           6. bytes (REL,CON,CODE)

      Value  Global                              Global Defined In Module
      -----  --------------------------------   ------------------------
C:   00000003  __sdcc_program_startup             main

ASxxxx Linker V03.00 + NoICE + sdld,  page 10.
Hexadecimal  [32-Bits]

Area                                    Addr        Size        Decimal Bytes (Attributes)
--------------------------------        ----        ----        ------- ----- ------------
GSINIT0                             00000006    00000003 =           3. bytes (REL,CON,CODE)

      Value  Global                              Global Defined In Module
      -----  --------------------------------   ------------------------
C:   00000006  __sdcc_gsinit_startup              

ASxxxx Linker V03.00 + NoICE + sdld,  page 11.
Hexadecimal  [32-Bits]

Area                                    Addr        Size        Decimal Bytes (Attributes)
--------------------------------        ----        ----        ------- ----- ------------
GSINIT2                             00000009    0000000A =          10. bytes (REL,CON,CODE)

      Value  Global                              Global Defined In Module
      -----  --------------------------------   ------------------------
ASxxxx Linker V03.00 + NoICE + sdld,  page 12.
Hexadecimal  [32-Bits]

Area                                    Addr        Size        Decimal Bytes (Attributes)
--------------------------------        ----        ----        ------- ----- ------------
GSINIT3                             00000013    00000022 =          34. bytes (REL,CON,CODE)

      Value  Global                              Global Defined In Module
      -----  --------------------------------   ------------------------
C:   00000013  __mcs51_genXINIT                   

ASxxxx Linker V03.00 + NoICE + sdld,  page 13.
Hexadecimal  [32-Bits]

Area                                    Addr        Size        Decimal Bytes (Attributes)
--------------------------------        ----        ----        ------- ----- ------------
GSINIT4                             00000035    0000002A =          42. bytes (REL,CON,CODE)

      Value  Global                              Global Defined In Module
      -----  --------------------------------   ------------------------
C:   00000035  __mcs51_genRAMCLEAR                
C:   0000003B  __mcs51_genXRAMCLEAR               

ASxxxx Linker V03.00 + NoICE + sdld,  page 14.
Hexadecimal  [32-Bits]

Area                                    Addr        Size        Decimal Bytes (Attributes)
--------------------------------        ----        ----        ------- ----- ------------
GSINIT                              0000005F    0000004B =          75. bytes (REL,CON,CODE)

      Value  Global                              Global Defined In Module
      -----  --------------------------------   ------------------------
ASxxxx Linker V03.00 + NoICE + sdld,  page 15.
Hexadecimal  [32-Bits]

Area                                    Addr        Size        Decimal Bytes (Attributes)
--------------------------------        ----        ----        ------- ----- ------------
GSFINAL                             000000AA    00000003 =           3. bytes (REL,CON,CODE)

      Value  Global                              Global Defined In Module
      -----  --------------------------------   ------------------------
ASxxxx Linker V03.00 + NoICE + sdld,  page 16.
Hexadecimal  [32-Bits]

Area                                    Addr        Size        Decimal Bytes (Attributes)
--------------------------------        ----        ----        ------- ----- ------------
CSEG                                000000AD    0000049A =        1178. bytes (REL,CON,CODE)

      Value  Global                              Global Defined In Module
      -----  --------------------------------   ------------------------
C:   000000AD  _delay                             main
C:   000000BF  _DelayXus                          main
C:   000000DB  _DisplayDigits                     main
C:   00000186  _Keypros                           main
C:   000001E6  _Digitspros                        main
C:   00000263  _main                              main
C:   0000026E  _nop                               iic
C:   0000026F  _I2cStart                          iic
C:   000002DA  _I2cStop                           iic
C:   00000301  _I2cSendByte                       iic
C:   000003AB  _I2cReadByte                       iic
C:   00000403  _At24c02Write                      iic
C:   00000433  _At24c02Read                       iic
C:   0000045F  __moduint                          _moduint
C:   000004AC  __divuint                          _divuint
C:   000004D5  __modsint                          _modsint
C:   0000050B  __divsint                          _divsint
C:   00000543  __sdcc_external_startup            _startup
ASxxxx Linker V03.00 + NoICE + sdld,  page 17.

Files Linked                              [ module(s) ]

main.rel                                  [  ]
iic.rel                                   [  ]


Libraries Linked                          [ object file ]

/usr/bin/../share/sdcc/lib/small/mcs51.lib
                                          [ crtclear.rel ]
/usr/bin/../share/sdcc/lib/small/mcs51.lib
                                          [ crtxinit.rel ]
/usr/bin/../share/sdcc/lib/small/libint.lib
                                          [ _moduint.rel ]
/usr/bin/../share/sdcc/lib/small/mcs51.lib
                                          [ crtxclear.rel ]
/usr/bin/../share/sdcc/lib/small/libint.lib
                                          [ _divuint.rel ]
/usr/bin/../share/sdcc/lib/small/mcs51.lib
                                          [ crtpagesfr.rel ]
/usr/bin/../share/sdcc/lib/small/mcs51.lib
                                          [ crtstart.rel ]
/usr/bin/../share/sdcc/lib/small/libint.lib
                                          [ _modsint.rel ]
/usr/bin/../share/sdcc/lib/small/libint.lib
                                          [ _divsint.rel ]
/usr/bin/../share/sdcc/lib/small/libsdcc.lib
                                          [ _startup.rel ]

ASxxxx Linker V03.00 + NoICE + sdld,  page 18.

User Base Address Definitions

HOME = 0x0000
XSEG = 0x0001
PSEG = 0x0001
ISEG = 0x0000
BSEG = 0x0000

